../UserDrivers/actuator/stepper/stepper.c:26:24:read_tick32	4	static
../UserDrivers/actuator/stepper/stepper.c:96:24:diff_u32	16	static
../UserDrivers/actuator/stepper/stepper.c:102:20:gpio_pwm4	56	static
../UserDrivers/actuator/stepper/stepper.c:121:20:apply_pwm_micro	80	static
../UserDrivers/actuator/stepper/stepper.c:151:20:try_advance	16	static
../UserDrivers/actuator/stepper/stepper.c:162:6:step_init_all	8	static
../UserDrivers/actuator/stepper/stepper.c:170:6:step_idx_init	4	static
../UserDrivers/actuator/stepper/stepper.c:176:6:step_tick_isr	16	static
../UserDrivers/actuator/stepper/stepper.c:195:6:step_set_period_ticks	16	static
../UserDrivers/actuator/stepper/stepper.c:202:6:step_set_dir	16	static
../UserDrivers/actuator/stepper/stepper.c:209:6:step_stop	4	static
../UserDrivers/actuator/stepper/stepper.c:225:10:get_current_steps	16	static
../UserDrivers/actuator/stepper/stepper.c:233:6:total_step_init	4	static
../UserDrivers/actuator/stepper/stepper.c:240:6:step_drive	16	static
../UserDrivers/actuator/stepper/stepper.c:265:6:step_drive_ratio	16	static
../UserDrivers/actuator/stepper/stepper.c:271:15:mode_to_step	16	static
../UserDrivers/actuator/stepper/stepper.c:296:10:mode_to_step_count	16	static
../UserDrivers/actuator/stepper/stepper.c:349:10:mode_to_left_period	16	static
../UserDrivers/actuator/stepper/stepper.c:374:10:mode_to_right_period	16	static
../UserDrivers/actuator/stepper/stepper.c:401:10:pwm_to_rpm	16	static
../UserDrivers/actuator/stepper/stepper.c:410:10:rpm_to_period_ticks	24	static
