../Drivers/STM32WBxx_HAL_Driver/Inc/stm32wbxx_ll_bus.h:539:22:LL_AHB2_GRP1_EnableClock	24	static
../Core/Src/main.c:77:5:main	8	static
../Core/Src/main.c:127:6:SystemClock_Config	112	static
../Core/Src/main.c:174:13:MX_ADC1_Init	32	static
../Core/Src/main.c:232:13:MX_I2C1_Init	8	static
../Core/Src/main.c:280:13:MX_TIM16_Init	8	static
../Core/Src/main.c:312:13:MX_TIM17_Init	8	static
../Core/Src/main.c:344:13:MX_USART1_UART_Init	8	static
../Core/Src/main.c:392:13:MX_GPIO_Init	32	static
../Core/Src/main.c:454:6:Error_Handler	4	static,ignoring_inline_asm
