../Drivers/STM32WBxx_HAL_Driver/Inc/stm32wbxx_ll_bus.h:539:22:LL_AHB2_GRP1_EnableClock	24	static
../Core/Src/main.c:79:5:main	8	static
../Core/Src/main.c:130:6:SystemClock_Config	112	static
../Core/Src/main.c:177:13:MX_ADC1_Init	32	static
../Core/Src/main.c:235:13:MX_I2C1_Init	8	static
../Core/Src/main.c:283:13:MX_TIM2_Init	40	static
../Core/Src/main.c:328:13:MX_TIM16_Init	8	static
../Core/Src/main.c:360:13:MX_TIM17_Init	8	static
../Core/Src/main.c:392:13:MX_USART1_UART_Init	8	static
../Core/Src/main.c:440:13:MX_GPIO_Init	32	static
../Core/Src/main.c:502:6:Error_Handler	4	static,ignoring_inline_asm
